429538617637914825851762439975683142162457983348129576216875394593241768784396251
