+---+---+---+
|...|5.8|..7|
|6.7|.1.|.2.|
|.5.|...|.39|
+---+---+---+
|.7.|68.|1..|
|.6.|.57|..3|
|..8|1..|.7.|
+---+---+---+
|..6|...|...|
|59.|.41|7..|
|...|3..|.51|
+---+---+---+

