+---+---+---+
|429|538|617|
|637|914|825|
|851|762|439|
+---+---+---+
|975|683|142|
|162|457|983|
|348|129|576|
+---+---+---+
|216|875|394|
|593|241|768|
|784|396|251|
+---+---+---+

