000508007607010020050000039070680100060057003008100070006000000590041700000300051
